// Jest Snapshot v1, https://goo.gl/fbAQLP

exports[`TeamForm renders the component 1`] = `
<ContextProvider
  value={
    Object {
      "get": [Function],
    }
  }
>
  <Component
    orgId="123"
  />
</ContextProvider>
`;
