// Jest Snapshot v1, https://goo.gl/fbAQLP

exports[`AssetBandwidthSectionNew should render 1`] = `<div />`;
