// Jest Snapshot v1, https://goo.gl/fbAQLP

exports[`EntrySidebar/TranslationWidgetPills should match snapshot 1`] = `
<div
  className="pill-list entity-sidebar__translation-pills"
>
  <div
    className="entity-sidebar__translation-pill x--default"
    key="en"
  >
    <Pill
      label="en"
      status="default"
      testId="deactivate-translation"
    />
  </div>
  <div
    className="entity-sidebar__translation-pill"
    key="de"
  >
    <Pill
      label="de"
      onClose={[Function]}
      status="default"
      testId="deactivate-translation"
    />
  </div>
  <div
    className="entity-sidebar__translation-pill"
    key="es"
  >
    <Pill
      label="es"
      onClose={[Function]}
      status="default"
      testId="deactivate-translation"
    />
  </div>
  <div
    className="entity-sidebar__translation-pill"
    key="ru"
  >
    <Pill
      label="ru"
      onClose={[Function]}
      status="default"
      testId="deactivate-translation"
    />
  </div>
  <TextLink
    onClick={[Function]}
    testId="change-translation"
  >
    Change
  </TextLink>
</div>
`;
