// Jest Snapshot v1, https://goo.gl/fbAQLP

exports[`AssetBandwidthSection should render 1`] = `<div />`;
