// Jest Snapshot v1, https://goo.gl/fbAQLP

exports[`PeriodSelector should render 1`] = `
<span
  className="usage__period-selector"
>
  <label>
    API requests usage period
  </label>
  <Select
    defaultValue={0}
    hasError={false}
    id="period-selector"
    isDisabled={false}
    name="period-selector"
    onChange={[MockFunction]}
    required={false}
    testId="cf-ui-select"
    width="auto"
    willBlurOnEsc={true}
  >
    <Option
      key="0"
      testId="cf-ui-select-option"
      value="0"
    >
      06 Jan – 05 Feb (current)
    </Option>
    <Option
      key="1"
      testId="cf-ui-select-option"
      value="1"
    >
      05 Dec – 05 Jan (a month ago)
    </Option>
  </Select>
</span>
`;
