// Jest Snapshot v1, https://goo.gl/fbAQLP

exports[`AppInstallModal should render the last used space and first env on load and be able to install right away 1`] = `
Object {
  "asFragment": [Function],
  "baseElement": .emotion-0 > div:first-child {
  margin-bottom: 1.5rem;
}

<body
    class="Modal__body--open"
  >
    <div />
    <div
      class="Modal__Modal__portal___F-liP"
    >
      <div
        class="Modal__Modal__overlay___38PZk Modal__Modal__overlay--centered___19mI8 Modal__Modal__overlay--after-open___2WVa7"
      >
        <div
          class="Modal__Modal__wrap___16arr Modal__Modal__wrap--after-open___2mXQz"
          role="dialog"
          style="top: 0px;"
          tabindex="-1"
        >
          <div
            class="Modal__Modal___1064L"
            data-test-id="cf-ui-modal"
            style="width: 520px;"
          >
            <div
              class="ModalHeader__ModalHeader___1yD1S"
              data-test-id="cf-ui-modal-header"
            >
              <h1
                class="ModalHeader__ModalHeader__title___3IuOy"
              >
                Install Google Analytics to a space
              </h1>
            </div>
            <div
              class="ModalContent__ModalContent___2mf3h"
              data-test-id="cf-ui-modal-content"
            >
              <div
                class="emotion-0"
              >
                <div
                  class="SelectField__SelectField___kbQlf"
                  data-test-id="cf-ui-select-field"
                >
                  <div
                    class="SelectField__SelectField__label-wrapper___3jGwo"
                  >
                    <label
                      class="FormLabel__FormLabel___3d6zQ"
                      data-test-id="cf-ui-form-label"
                      for="spaceSelection"
                    >
                      Select a space
                      <span
                        class="FormLabel__FormLabel__required-text___3mvdm"
                      >
                        (
                        required
                        )
                      </span>
                    </label>
                  </div>
                  <div
                    class="Select__Select__wrapper___2pBIz Select__Select--full___7ei7d"
                  >
                    <select
                      aria-label="spaceSelection"
                      class="Select__Select___31Z46 a11y__focus-border--default___60AXp"
                      data-test-id="cf-ui-select"
                      id="spaceSelection"
                      name="spaceSelection"
                      required=""
                    >
                      <option
                        data-test-id="cf-ui-select-option"
                        value="my-space-123"
                      >
                        mySpace
                      </option>
                      <option
                        data-test-id="cf-ui-select-option"
                        value="my-other-space-123"
                      >
                        myOtherSpace
                      </option>
                    </select>
                    <svg
                      class="Icon__Icon___38Epv Icon__Icon--small___1yGZK Icon__Icon--muted___3egnD Select__Select__icon___boRAZ"
                      data-test-id="cf-ui-icon"
                      height="24"
                      viewBox="0 0 24 24"
                      width="24"
                      xmlns="http://www.w3.org/2000/svg"
                    >
                      <path
                        d="M7 10l5 5 5-5z"
                      />
                      <path
                        d="M0 0h24v24H0z"
                        fill="none"
                      />
                    </svg>
                  </div>
                </div>
                <div
                  class="SelectField__SelectField___kbQlf"
                  data-test-id="cf-ui-select-field"
                >
                  <div
                    class="SelectField__SelectField__label-wrapper___3jGwo"
                  >
                    <label
                      class="FormLabel__FormLabel___3d6zQ"
                      data-test-id="cf-ui-form-label"
                      for="envSelection"
                    >
                      Select an environment
                      <span
                        class="FormLabel__FormLabel__required-text___3mvdm"
                      >
                        (
                        required
                        )
                      </span>
                    </label>
                  </div>
                  <div
                    class="Select__Select__wrapper___2pBIz Select__Select--full___7ei7d"
                  >
                    <select
                      aria-label="envSelection"
                      class="Select__Select___31Z46 a11y__focus-border--default___60AXp"
                      data-test-id="cf-ui-select"
                      id="envSelection"
                      name="envSelection"
                      required=""
                    >
                      <option
                        data-test-id="cf-ui-select-option"
                        value="my-env-123"
                      >
                        my-env
                      </option>
                      <option
                        data-test-id="cf-ui-select-option"
                        value="my-other-env-123"
                      >
                        my-other-env
                      </option>
                    </select>
                    <svg
                      class="Icon__Icon___38Epv Icon__Icon--small___1yGZK Icon__Icon--muted___3egnD Select__Select__icon___boRAZ"
                      data-test-id="cf-ui-icon"
                      height="24"
                      viewBox="0 0 24 24"
                      width="24"
                      xmlns="http://www.w3.org/2000/svg"
                    >
                      <path
                        d="M7 10l5 5 5-5z"
                      />
                      <path
                        d="M0 0h24v24H0z"
                        fill="none"
                      />
                    </svg>
                  </div>
                </div>
              </div>
            </div>
            <div
              class="ModalControls__ModalControls___2bTQx"
              data-test-id="cf-ui-modal-controls"
            >
              <button
                class="Button__Button___1ZfFj a11y__focus-border--default___60AXp Button__Button--primary___JImeO"
                data-test-id="continue-button"
                type="button"
              >
                <span
                  class="TabFocusTrap__TabFocusTrap___39Vty Button__Button__inner-wrapper___3qrNC"
                  tabindex="-1"
                >
                  <span
                    class="Button__Button__label___3tcOj"
                  >
                    Continue
                  </span>
                </span>
              </button>
              <button
                class="Button__Button___1ZfFj a11y__focus-border--default___60AXp Button__Button--muted___2Wair"
                data-test-id="cf-ui-button"
                type="button"
              >
                <span
                  class="TabFocusTrap__TabFocusTrap___39Vty Button__Button__inner-wrapper___3qrNC"
                  tabindex="-1"
                >
                  <span
                    class="Button__Button__label___3tcOj"
                  >
                    Cancel
                  </span>
                </span>
              </button>
            </div>
          </div>
        </div>
      </div>
    </div>
  </body>,
  "container": <div />,
  "debug": [Function],
  "findAllByAltText": [Function],
  "findAllByDisplayValue": [Function],
  "findAllByLabelText": [Function],
  "findAllByPlaceholderText": [Function],
  "findAllByRole": [Function],
  "findAllByTestId": [Function],
  "findAllByText": [Function],
  "findAllByTitle": [Function],
  "findByAltText": [Function],
  "findByDisplayValue": [Function],
  "findByLabelText": [Function],
  "findByPlaceholderText": [Function],
  "findByRole": [Function],
  "findByTestId": [Function],
  "findByText": [Function],
  "findByTitle": [Function],
  "getAllByAltText": [Function],
  "getAllByDisplayValue": [Function],
  "getAllByLabelText": [Function],
  "getAllByPlaceholderText": [Function],
  "getAllByRole": [Function],
  "getAllByTestId": [Function],
  "getAllByText": [Function],
  "getAllByTitle": [Function],
  "getByAltText": [Function],
  "getByDisplayValue": [Function],
  "getByLabelText": [Function],
  "getByPlaceholderText": [Function],
  "getByRole": [Function],
  "getByTestId": [Function],
  "getByText": [Function],
  "getByTitle": [Function],
  "queryAllByAltText": [Function],
  "queryAllByDisplayValue": [Function],
  "queryAllByLabelText": [Function],
  "queryAllByPlaceholderText": [Function],
  "queryAllByRole": [Function],
  "queryAllByTestId": [Function],
  "queryAllByText": [Function],
  "queryAllByTitle": [Function],
  "queryByAltText": [Function],
  "queryByDisplayValue": [Function],
  "queryByLabelText": [Function],
  "queryByPlaceholderText": [Function],
  "queryByRole": [Function],
  "queryByTestId": [Function],
  "queryByText": [Function],
  "queryByTitle": [Function],
  "rerender": [Function],
  "unmount": [Function],
}
`;
