// Jest Snapshot v1, https://goo.gl/fbAQLP

exports[`StartAppTrialModal should render 1`] = `
.emotion-0 {
  padding-bottom: 10px;
}

<body
  class="Modal__body--open"
>
  <div
    data-react-modal-body-trap=""
    style="position: absolute; opacity: 0;"
    tabindex="0"
  />
  <div />
  <div
    data-react-modal-body-trap=""
    style="position: absolute; opacity: 0;"
    tabindex="0"
  />
  <div
    class="Modal__Modal__portal___1AjJC"
  >
    <div
      class="Modal__Modal__overlay___3gPyC Modal__Modal__overlay--centered___2kDOU Modal__Modal__overlay--after-open___sRqhJ"
    >
      <div
        aria-modal="true"
        class="Modal__Modal__wrap___BjfRz Modal__Modal__wrap--after-open___1XDbx"
        role="dialog"
        style="top: 0px;"
        tabindex="-1"
      >
        <div
          class="Modal__Modal___2S_pS"
          data-test-id="cf-ui-modal"
          style="width: 520px;"
        >
          <div
            class="ModalHeader__ModalHeader___1yD1S"
            data-test-id="cf-ui-modal-header"
          >
            <h1
              class="ModalHeader__ModalHeader__title___3IuOy"
            >
              Compose + Launch free trial
            </h1>
          </div>
          <div
            class="ModalContent__ModalContent___2mf3h"
            data-test-id="cf-ui-modal-content"
          >
            <p
              class="Paragraph__Paragraph___2aO-9 emotion-0"
              data-test-id="cf-ui-paragraph"
            >
              This trial will give you free access to Compose + Launch for 10 days. You’ll get both apps in a new trial space where you can use our example content or create your own. No payment is required, and the trial wonʼt affect your exisiting spaces or content in any way.
            </p>
          </div>
          <div
            class="ModalControls__ModalControls___2bTQx"
            data-test-id="cf-ui-modal-controls"
          >
            <button
              class="Button__Button___1ZfFj Button__Button--primary___JImeO"
              data-test-id="confirm-button"
              type="button"
            >
              <span
                class="TabFocusTrap__TabFocusTrap___39Vty Button__Button__inner-wrapper___3qrNC"
                tabindex="-1"
              >
                <span
                  class="Button__Button__label___3tcOj"
                >
                  Start your free trial
                </span>
              </span>
            </button>
            <button
              class="Button__Button___1ZfFj Button__Button--muted___2Wair"
              data-test-id="cancel-button"
              type="button"
            >
              <span
                class="TabFocusTrap__TabFocusTrap___39Vty Button__Button__inner-wrapper___3qrNC"
                tabindex="-1"
              >
                <span
                  class="Button__Button__label___3tcOj"
                >
                  Cancel
                </span>
              </span>
            </button>
          </div>
        </div>
      </div>
    </div>
  </div>
</body>
`;
