// Jest Snapshot v1, https://goo.gl/fbAQLP

exports[`AssetBandwidthSection should render 1`] = `
.emotion-0 {
  color: #536171;
  font-weight: 400;
}

.emotion-1 {
  color: #253545;
  font-size: 2.1875rem;
  font-weight: 600;
}

.emotion-4 {
  font-size: 0.875rem;
}

.emotion-2 {
  color: #6A7889;
}

.emotion-3 {
  margin-left: 0.75rem;
}

.emotion-5 {
  width: 40%;
  margin-top: 0.75rem;
  color: #27457A;
}

<div>
  <div
    class="Typography__Typography___1ZUfE"
    data-test-id="cf-ui-text-container"
  >
    <h2
      class="Heading__Heading___83D3K emotion-0 f36-margin-bottom--m"
      data-test-id="cf-ui-heading"
    >
      Total asset bandwidth
    </h2>
    <p
      class="Paragraph__Paragraph___2aO-9 emotion-1 f36-margin-bottom--m"
      data-test-id="asset-bandwidth-usage"
    >
      200 GB
    </p>
    <div
      class="emotion-4"
    >
      <strong
        class="emotion-2"
        data-test-id="asset-bandwidth-limit"
      >
        750 GB included
      </strong>
      <a
        class="TextLink__TextLink___1biUr a11y__focus-outline--default___2hwb1 emotion-3 TextLink__TextLink--primary___2Vc9F"
        data-test-id="fair_use_policy_link"
        href="https://www.contentful.com/r/knowledgebase/fair-use/"
        rel="noopener noreferrer"
        target="_blank"
      >
        <span
          class="TabFocusTrap__TabFocusTrap___39Vty"
          tabindex="-1"
        >
          Fair Use Policy
        </span>
      </a>
    </div>
    <div
      class="Note__Note___2eSKN emotion-5 Note__Note--primary___-8-7D"
      data-test-id="cf-ui-note"
    >
      <div
        class="Note__Note__icon___20RqC"
      >
        <svg
          class="Icon__Icon___38Epv Icon__Icon--small___1yGZK undefined"
          data-test-id="cf-ui-icon"
          height="18"
          viewBox="0 0 24 24"
          width="18"
          xmlns="http://www.w3.org/2000/svg"
        >
          <path
            d="M0 0h24v24H0z"
            fill="none"
          />
          <path
            d="M12 2C6.48 2 2 6.48 2 12s4.48 10 10 10 10-4.48 10-10S17.52 2 12 2zm1 15h-2v-6h2v6zm0-8h-2V7h2v2z"
          />
        </svg>
      </div>
      <div
        class="Note__Note__info___2m_-K"
      >
        <div>
          Please note that asset bandwidth is calculated daily with a 48 hour delay.
        </div>
      </div>
    </div>
  </div>
</div>
`;
